{
  "id": "http://schema.management.azure.com/schemas/2016-04-02/Microsoft.Cdn.json#",
  "$schema": "http://json-schema.org/draft-04/schema#",
  "title": "Microsoft.Cdn",
  "description": "Microsoft Cdn Resource Types",
  "resourceDefinitions": {
    "Microsoft.Cdn_profiles": {
      "type": "object",
      "properties": {
        "type": {
          "type": "string",
          "enum": [
            "Microsoft.Cdn/profiles"
          ]
        },
        "apiVersion": {
          "type": "string",
          "enum": [
            "2016-04-02"
          ]
        },
        "location": {
          "type": "string",
          "description": "Profile location"
        },
        "tags": {
          "type": "object",
          "additionalProperties": {
            "type": "string"
          },
          "description": "Profile tags"
        },
        "sku": {
          "$ref": "#/definitions/Sku",
          "description": "The SKU (pricing tier) of the CDN profile."
        }
      },
      "required": [
        "type",
        "apiVersion",
        "location",
        "sku"
      ],
      "description": "Microsoft.Cdn/profiles"
    },
    "Microsoft.Cdn_profiles_endpoints": {
      "type": "object",
      "properties": {
        "type": {
          "type": "string",
          "enum": [
            "Microsoft.Cdn/profiles/endpoints"
          ]
        },
        "apiVersion": {
          "type": "string",
          "enum": [
            "2016-04-02"
          ]
        },
        "location": {
          "type": "string",
          "description": "Endpoint location"
        },
        "tags": {
          "type": "object",
          "additionalProperties": {
            "type": "string"
          },
          "description": "Endpoint tags"
        },
        "properties": {
          "$ref": "#/definitions/EndpointPropertiesCreateParameters"
        }
      },
      "required": [
        "type",
        "apiVersion",
        "properties",
        "location"
      ],
      "description": "Microsoft.Cdn/profiles/endpoints"
    },
    "Microsoft.Cdn_profiles_endpoints_customDomains": {
      "type": "object",
      "properties": {
        "type": {
          "type": "string",
          "enum": [
            "Microsoft.Cdn/profiles/endpoints/customDomains"
          ]
        },
        "apiVersion": {
          "type": "string",
          "enum": [
            "2016-04-02"
          ]
        },
        "properties": {
          "$ref": "#/definitions/CustomDomainPropertiesParameters"
        }
      },
      "required": [
        "type",
        "apiVersion",
        "properties"
      ],
      "description": "Microsoft.Cdn/profiles/endpoints/customDomains"
    },
    "Microsoft.Cdn_profiles_endpoints_origins": {
      "type": "object",
      "properties": {
        "type": {
          "type": "string",
          "enum": [
            "Microsoft.Cdn/profiles/endpoints/origins"
          ]
        },
        "apiVersion": {
          "type": "string",
          "enum": [
            "2016-04-02"
          ]
        },
        "properties": {
          "$ref": "#/definitions/OriginPropertiesParameters"
        }
      },
      "required": [
        "type",
        "apiVersion",
        "properties"
      ],
      "description": "Microsoft.Cdn/profiles/endpoints/origins"
    }
  },
  "definitions": {
    "CustomDomainPropertiesParameters": {
      "type": "object",
      "properties": {
        "hostName": {
          "type": "string",
          "description": "The host name of the custom domain. Must be a domain name."
        }
      },
      "required": [
        "hostName"
      ]
    },
    "DeepCreatedOrigin": {
      "type": "object",
      "properties": {
        "name": {
          "type": "string",
          "description": "Origin name"
        },
        "properties": {
          "$ref": "#/definitions/DeepCreatedOriginProperties"
        }
      },
      "required": [
        "name"
      ],
      "description": "Deep created origins within a CDN endpoint."
    },
    "DeepCreatedOriginProperties": {
      "type": "object",
      "properties": {
        "hostName": {
          "type": "string",
          "description": "The address of the origin. Domain names, IPv4 addresses, and IPv6 addresses are supported."
        },
        "httpPort": {
          "type": "integer",
          "description": "The value of the HTTP port. Must be between 1 and 65535"
        },
        "httpsPort": {
          "type": "integer",
          "description": "The value of the HTTPS port. Must be between 1 and 65535"
        }
      },
      "required": [
        "hostName"
      ],
      "description": "Properties of deep created origin on a CDN endpoint."
    },
    "EndpointPropertiesCreateParameters": {
      "type": "object",
      "properties": {
        "originHostHeader": {
          "type": "string",
          "description": "The host header CDN provider will send along with content requests to origins. The default value is the host name of the origin."
        },
        "originPath": {
          "type": "string",
          "description": "The path used for origin requests."
        },
        "contentTypesToCompress": {
          "type": "array",
          "items": {
            "type": "string"
          },
          "description": "List of content types on which compression will be applied. The value for the elements should be a valid MIME type."
        },
        "isCompressionEnabled": {
          "type": "boolean",
          "description": "Indicates whether content compression is enabled. Default value is false. If compression is enabled, the content transferred from the CDN endpoint to the end user will be compressed. The requested content must be larger than 1 byte and smaller than 1 MB."
        },
        "isHttpAllowed": {
          "type": "boolean",
          "description": "Indicates whether HTTP traffic is allowed on the endpoint. Default value is true. At least one protocol (HTTP or HTTPS) must be allowed."
        },
        "isHttpsAllowed": {
          "type": "boolean",
          "description": "Indicates whether https traffic is allowed on the endpoint. Default value is true. At least one protocol (HTTP or HTTPS) must be allowed."
        },
        "queryStringCachingBehavior": {
          "type": "string",
          "enum": [
            "IgnoreQueryString",
            "BypassCaching",
            "UseQueryString",
            "NotSet"
          ],
          "description": "Defines the query string caching behavior. Possible values include: 'IgnoreQueryString', 'BypassCaching', 'UseQueryString', 'NotSet'"
        },
        "origins": {
          "type": "array",
          "items": {
            "$ref": "#/definitions/DeepCreatedOrigin"
          },
          "description": "The set of origins for the CDN endpoint. When multiple origins exist, the first origin will be used as primary and rest will be used as failover options."
        }
      },
      "required": [
        "origins"
      ]
    },
    "OriginPropertiesParameters": {
      "type": "object",
      "properties": {
        "hostName": {
          "type": "string",
          "description": "The address of the origin. Domain names, IPv4 addresses, and IPv6 addresses are supported."
        },
        "httpPort": {
          "type": "integer",
          "description": "The value of the HTTP port. Must be between 1 and 65535."
        },
        "httpsPort": {
          "type": "integer",
          "description": "The value of the HTTPS port. Must be between 1 and 65535."
        }
      },
      "required": [
        "hostName"
      ]
    },
    "Sku": {
      "type": "object",
      "properties": {
        "name": {
          "type": "string",
          "enum": [
            "Standard_Verizon",
            "Premium_Verizon",
            "Custom_Verizon",
            "Standard_Akamai"
          ],
          "description": "Name of the pricing tier. Possible values include: 'Standard_Verizon', 'Premium_Verizon', 'Custom_Verizon', 'Standard_Akamai'"
        }
      },
      "description": "The SKU (pricing tier) of the CDN profile."
    }
  }
}
