{
  "id": "http://schema.management.azure.com/schemas/2015-08-01/Microsoft.CertificateRegistration.json#",
  "$schema": "http://json-schema.org/draft-04/schema#",
  "title": "Microsoft.CertificateRegistration",
  "description": "Microsoft CertificateRegistration Resource Types",
  "resourceDefinitions": {
    "Microsoft.CertificateRegistration_certificateOrders": {
      "type": "object",
      "properties": {
        "type": {
          "type": "string",
          "enum": [
            "Microsoft.CertificateRegistration/certificateOrders"
          ]
        },
        "apiVersion": {
          "type": "string",
          "enum": [
            "2015-08-01"
          ]
        },
        "properties": {
          "$ref": "#/definitions/CertificateOrder_properties"
        }
      },
      "resources": {
        "type": "array",
        "items": {
          "oneOf": [
            {
              "$ref": "#/definitions/Microsoft.CertificateRegistration_certificateOrders_certificates_childResource"
            }
          ]
        }
      },
      "required": [
        "type",
        "apiVersion",
        "properties"
      ],
      "description": "Microsoft.CertificateRegistration/certificateOrders"
    },
    "Microsoft.CertificateRegistration_certificateOrders_certificates": {
      "type": "object",
      "properties": {
        "type": {
          "type": "string",
          "enum": [
            "Microsoft.CertificateRegistration/certificateOrders/certificates"
          ]
        },
        "apiVersion": {
          "type": "string",
          "enum": [
            "2015-08-01"
          ]
        },
        "properties": {
          "$ref": "#/definitions/CertificateOrderCertificate_properties"
        }
      },
      "required": [
        "type",
        "apiVersion",
        "properties"
      ],
      "description": "Microsoft.CertificateRegistration/certificateOrders/certificates"
    }
  },
  "definitions": {
    "CertificateDetails": {
      "type": "object",
      "properties": {
        "id": {
          "type": "string",
          "description": "Resource Id"
        },
        "name": {
          "type": "string",
          "description": "Resource Name"
        },
        "kind": {
          "type": "string",
          "description": "Kind of resource"
        },
        "location": {
          "type": "string",
          "description": "Resource Location"
        },
        "type": {
          "type": "string",
          "description": "Resource type"
        },
        "tags": {
          "type": "object",
          "additionalProperties": {
            "type": "string"
          },
          "description": "Resource tags"
        },
        "properties": {
          "$ref": "#/definitions/CertificateDetails_properties"
        }
      },
      "required": [
        "location"
      ],
      "description": "Certificate Details"
    },
    "CertificateDetails_properties": {
      "type": "object",
      "properties": {
        "version": {
          "type": "integer",
          "description": "Version"
        },
        "serialNumber": {
          "type": "string",
          "description": "Serial Number"
        },
        "thumbprint": {
          "type": "string",
          "description": "Thumbprint"
        },
        "subject": {
          "type": "string",
          "description": "Subject"
        },
        "notBefore": {
          "type": "string",
          "description": "Valid from"
        },
        "notAfter": {
          "type": "string",
          "description": "Valid to"
        },
        "signatureAlgorithm": {
          "type": "string",
          "description": "Signature Algorithm"
        },
        "issuer": {
          "type": "string",
          "description": "Issuer"
        },
        "rawData": {
          "type": "string",
          "description": "Raw certificate data"
        }
      }
    },
    "CertificateOrder_properties": {
      "type": "object",
      "properties": {
        "certificates": {
          "type": "object",
          "additionalProperties": {
            "$ref": "#/definitions/CertificateOrderCertificate"
          },
          "description": "State of the Key Vault secret"
        },
        "distinguishedName": {
          "type": "string",
          "description": "Certificate distinguished name"
        },
        "domainVerificationToken": {
          "type": "string",
          "description": "Domain Verification Token"
        },
        "validityInYears": {
          "type": "integer",
          "description": "Duration in years (must be between 1 and 3)"
        },
        "keySize": {
          "type": "integer",
          "description": "Certificate Key Size"
        },
        "productType": {
          "type": "string",
          "enum": [
            "StandardDomainValidatedSsl",
            "StandardDomainValidatedWildCardSsl"
          ],
          "description": "Certificate product type. Possible values include: 'StandardDomainValidatedSsl', 'StandardDomainValidatedWildCardSsl'"
        },
        "autoRenew": {
          "type": "boolean",
          "description": "Auto renew"
        },
        "provisioningState": {
          "type": "string",
          "enum": [
            "Succeeded",
            "Failed",
            "Canceled",
            "InProgress",
            "Deleting"
          ],
          "description": "Status of certificate order. Possible values include: 'Succeeded', 'Failed', 'Canceled', 'InProgress', 'Deleting'"
        },
        "status": {
          "type": "string",
          "enum": [
            "Pendingissuance",
            "Issued",
            "Revoked",
            "Canceled",
            "Denied",
            "Pendingrevocation",
            "PendingRekey",
            "Unused",
            "Expired",
            "NotSubmitted"
          ],
          "description": "Current order status. Possible values include: 'Pendingissuance', 'Issued', 'Revoked', 'Canceled', 'Denied', 'Pendingrevocation', 'PendingRekey', 'Unused', 'Expired', 'NotSubmitted'"
        },
        "signedCertificate": {
          "$ref": "#/definitions/CertificateDetails",
          "description": "Signed certificate"
        },
        "csr": {
          "type": "string",
          "description": "Last CSR that was created for this order"
        },
        "intermediate": {
          "$ref": "#/definitions/CertificateDetails",
          "description": "Intermediate certificate"
        },
        "root": {
          "$ref": "#/definitions/CertificateDetails",
          "description": "Root certificate"
        },
        "serialNumber": {
          "type": "string",
          "description": "Current serial number of the certificate"
        },
        "lastCertificateIssuanceTime": {
          "type": "string",
          "description": "Certificate last issuance time"
        },
        "expirationTime": {
          "type": "string",
          "description": "Certificate expiration time"
        }
      }
    },
    "CertificateOrderCertificate": {
      "type": "object",
      "properties": {
        "id": {
          "type": "string",
          "description": "Resource Id"
        },
        "name": {
          "type": "string",
          "description": "Resource Name"
        },
        "kind": {
          "type": "string",
          "description": "Kind of resource"
        },
        "location": {
          "type": "string",
          "description": "Resource Location"
        },
        "type": {
          "type": "string",
          "description": "Resource type"
        },
        "tags": {
          "type": "object",
          "additionalProperties": {
            "type": "string"
          },
          "description": "Resource tags"
        },
        "properties": {
          "$ref": "#/definitions/CertificateOrderCertificate_properties"
        }
      },
      "required": [
        "location"
      ],
      "description": "Class representing the Key Vault container for certificate purchased through Azure"
    },
    "CertificateOrderCertificate_properties": {
      "type": "object",
      "properties": {
        "keyVaultId": {
          "type": "string",
          "description": "Key Vault Csm resource Id"
        },
        "keyVaultSecretName": {
          "type": "string",
          "description": "Key Vault secret name"
        },
        "provisioningState": {
          "type": "string",
          "enum": [
            "Initialized",
            "WaitingOnCertificateOrder",
            "Succeeded",
            "CertificateOrderFailed",
            "OperationNotPermittedOnKeyVault",
            "AzureServiceUnauthorizedToAccessKeyVault",
            "KeyVaultDoesNotExist",
            "KeyVaultSecretDoesNotExist",
            "UnknownError",
            "Unknown"
          ],
          "description": "Status of the Key Vault secret. Possible values include: 'Initialized', 'WaitingOnCertificateOrder', 'Succeeded', 'CertificateOrderFailed', 'OperationNotPermittedOnKeyVault', 'AzureServiceUnauthorizedToAccessKeyVault', 'KeyVaultDoesNotExist', 'KeyVaultSecretDoesNotExist', 'UnknownError', 'Unknown'"
        }
      }
    },
    "Microsoft.CertificateRegistration_certificateOrders_certificates_childResource": {
      "type": "object",
      "properties": {
        "type": {
          "type": "string",
          "enum": [
            "certificates"
          ]
        },
        "apiVersion": {
          "type": "string",
          "enum": [
            "2015-08-01"
          ]
        },
        "properties": {
          "$ref": "#/definitions/CertificateOrderCertificate_properties"
        }
      },
      "required": [
        "type",
        "apiVersion",
        "properties"
      ],
      "description": "Microsoft.CertificateRegistration/certificateOrders/certificates"
    }
  }
}
