{
  "servers": [],
  "components": {
    "schemas": {
      "MySharedSchema": {
        "type": "object",
        "properties": {
          "name": {
            "type": "string"
          }
        }
      }
    }
  }
}